2026-06-29 02:55:54,732 [INFO] Loaded 7746 rows from source/USA_Tickers_ALL.csv
2026-06-29 02:55:54,732 [INFO] Columns found: ['Symbol', 'Description', 'Price', 'Price - Currency', 'Price change %, 1 day', 'Volume, 1 day', 'Relative volume, 1 day', 'Sector', 'Industry', 'High, 52 weeks', 'High, 52 weeks - Currency', 'Low, 52 weeks', 'Low, 52 weeks - Currency', 'Exchange', 'Free float %', 'Performance %, Year to date']
2026-06-29 02:55:55,124 [INFO] ============================================================
2026-06-29 02:55:55,125 [INFO] TICKER PRICE MASTER BUILD SUMMARY
2026-06-29 02:55:55,125 [INFO] ============================================================
2026-06-29 02:55:55,125 [INFO] Master rows written: 7745
2026-06-29 02:55:55,125 [INFO] Type count: {'Stock': 7745}
2026-06-29 02:55:55,125 [INFO] Duplicate skipped count: 0
2026-06-29 02:55:55,125 [INFO] Blank sector count: 2
2026-06-29 02:55:55,125 [INFO] Blank industry count: 2
2026-06-29 02:55:55,125 [INFO] Sample duplicates: []
2026-06-29 02:55:55,125 [INFO] Sample blank sector: ['PNSB', 'MTEST']
2026-06-29 02:55:55,125 [INFO] Sample blank industry: ['PNSB', 'MTEST']
2026-06-29 02:55:55,125 [INFO] Output: data/ticker_price_master.json
2026-06-29 02:55:55,125 [INFO] ============================================================
2026-06-29 04:51:22,322 [INFO] Loaded 7746 rows from source/USA_Tickers_ALL.csv
2026-06-29 04:51:22,322 [INFO] Columns found: ['Symbol', 'Description', 'Price', 'Price - Currency', 'Price change %, 1 day', 'Volume, 1 day', 'Relative volume, 1 day', 'Sector', 'Industry', 'High, 52 weeks', 'High, 52 weeks - Currency', 'Low, 52 weeks', 'Low, 52 weeks - Currency', 'Exchange', 'Free float %', 'Performance %, Year to date']
2026-06-29 04:51:22,573 [INFO] ============================================================
2026-06-29 04:51:22,573 [INFO] TICKER PRICE MASTER BUILD SUMMARY
2026-06-29 04:51:22,573 [INFO] ============================================================
2026-06-29 04:51:22,573 [INFO] Master rows written: 7745
2026-06-29 04:51:22,573 [INFO] Type count: {'Stock': 7745}
2026-06-29 04:51:22,573 [INFO] Duplicate skipped count: 0
2026-06-29 04:51:22,573 [INFO] Blank sector count: 2
2026-06-29 04:51:22,573 [INFO] Blank industry count: 2
2026-06-29 04:51:22,573 [INFO] Sample duplicates: []
2026-06-29 04:51:22,573 [INFO] Sample blank sector: ['PNSB', 'MTEST']
2026-06-29 04:51:22,573 [INFO] Sample blank industry: ['PNSB', 'MTEST']
2026-06-29 04:51:22,573 [INFO] Output: data/ticker_price_master.json
2026-06-29 04:51:22,573 [INFO] ============================================================
2026-06-29 06:21:25,083 [INFO] Loaded 7746 rows from source/USA_Tickers_ALL.csv
2026-06-29 06:21:25,083 [INFO] Columns found: ['Symbol', 'Description', 'Price', 'Price - Currency', 'Price change %, 1 day', 'Volume, 1 day', 'Relative volume, 1 day', 'Sector', 'Industry', 'High, 52 weeks', 'High, 52 weeks - Currency', 'Low, 52 weeks', 'Low, 52 weeks - Currency', 'Exchange', 'Free float %', 'Performance %, Year to date']
2026-06-29 06:21:25,481 [INFO] ============================================================
2026-06-29 06:21:25,481 [INFO] TICKER PRICE MASTER BUILD SUMMARY
2026-06-29 06:21:25,481 [INFO] ============================================================
2026-06-29 06:21:25,481 [INFO] Master rows written: 7745
2026-06-29 06:21:25,481 [INFO] Type count: {'Stock': 7745}
2026-06-29 06:21:25,481 [INFO] Duplicate skipped count: 0
2026-06-29 06:21:25,481 [INFO] Blank sector count: 2
2026-06-29 06:21:25,481 [INFO] Blank industry count: 2
2026-06-29 06:21:25,482 [INFO] Sample duplicates: []
2026-06-29 06:21:25,482 [INFO] Sample blank sector: ['PNSB', 'MTEST']
2026-06-29 06:21:25,482 [INFO] Sample blank industry: ['PNSB', 'MTEST']
2026-06-29 06:21:25,482 [INFO] Output: data/ticker_price_master.json
2026-06-29 06:21:25,482 [INFO] ============================================================
2026-06-29 06:49:27,473 [INFO] Loaded 7746 rows from source/USA_Tickers_ALL.csv
2026-06-29 06:49:27,473 [INFO] Columns found: ['Symbol', 'Description', 'Price', 'Price - Currency', 'Price change %, 1 day', 'Volume, 1 day', 'Relative volume, 1 day', 'Sector', 'Industry', 'High, 52 weeks', 'High, 52 weeks - Currency', 'Low, 52 weeks', 'Low, 52 weeks - Currency', 'Exchange', 'Free float %', 'Performance %, Year to date']
2026-06-29 06:49:27,832 [INFO] ============================================================
2026-06-29 06:49:27,832 [INFO] TICKER PRICE MASTER BUILD SUMMARY
2026-06-29 06:49:27,832 [INFO] ============================================================
2026-06-29 06:49:27,832 [INFO] Master rows written: 7745
2026-06-29 06:49:27,832 [INFO] Type count: {'Stock': 7745}
2026-06-29 06:49:27,832 [INFO] Duplicate skipped count: 0
2026-06-29 06:49:27,832 [INFO] Blank sector count: 2
2026-06-29 06:49:27,832 [INFO] Blank industry count: 2
2026-06-29 06:49:27,833 [INFO] Sample duplicates: []
2026-06-29 06:49:27,833 [INFO] Sample blank sector: ['PNSB', 'MTEST']
2026-06-29 06:49:27,833 [INFO] Sample blank industry: ['PNSB', 'MTEST']
2026-06-29 06:49:27,833 [INFO] Output: data/ticker_price_master.json
2026-06-29 06:49:27,833 [INFO] ============================================================
2026-06-29 18:17:27,794 [INFO] Loaded 7746 rows from source/USA_Tickers_ALL.csv
2026-06-29 18:17:27,794 [INFO] Columns found: ['Symbol', 'Description', 'Price', 'Price - Currency', 'Price change %, 1 day', 'Volume, 1 day', 'Relative volume, 1 day', 'Sector', 'Industry', 'High, 52 weeks', 'High, 52 weeks - Currency', 'Low, 52 weeks', 'Low, 52 weeks - Currency', 'Exchange', 'Free float %', 'Performance %, Year to date']
2026-06-29 18:17:28,050 [INFO] ============================================================
2026-06-29 18:17:28,050 [INFO] TICKER PRICE MASTER BUILD SUMMARY
2026-06-29 18:17:28,050 [INFO] ============================================================
2026-06-29 18:17:28,050 [INFO] Master rows written: 7745
2026-06-29 18:17:28,050 [INFO] Type count: {'Stock': 7745}
2026-06-29 18:17:28,050 [INFO] Duplicate skipped count: 0
2026-06-29 18:17:28,050 [INFO] Blank sector count: 2
2026-06-29 18:17:28,050 [INFO] Blank industry count: 2
2026-06-29 18:17:28,050 [INFO] Sample duplicates: []
2026-06-29 18:17:28,050 [INFO] Sample blank sector: ['PNSB', 'MTEST']
2026-06-29 18:17:28,050 [INFO] Sample blank industry: ['PNSB', 'MTEST']
2026-06-29 18:17:28,050 [INFO] Output: data/ticker_price_master.json
2026-06-29 18:17:28,050 [INFO] ============================================================
2026-06-29 22:10:04,847 [INFO] Loaded 7746 rows from source/USA_Tickers_ALL.csv
2026-06-29 22:10:04,847 [INFO] Columns found: ['Symbol', 'Description', 'Price', 'Price - Currency', 'Price change %, 1 day', 'Volume, 1 day', 'Relative volume, 1 day', 'Sector', 'Industry', 'High, 52 weeks', 'High, 52 weeks - Currency', 'Low, 52 weeks', 'Low, 52 weeks - Currency', 'Exchange', 'Free float %', 'Performance %, Year to date']
2026-06-29 22:10:05,221 [INFO] ============================================================
2026-06-29 22:10:05,221 [INFO] TICKER PRICE MASTER BUILD SUMMARY
2026-06-29 22:10:05,221 [INFO] ============================================================
2026-06-29 22:10:05,221 [INFO] Master rows written: 7745
2026-06-29 22:10:05,222 [INFO] Type count: {'Stock': 7745}
2026-06-29 22:10:05,222 [INFO] Duplicate skipped count: 0
2026-06-29 22:10:05,222 [INFO] Blank sector count: 2
2026-06-29 22:10:05,222 [INFO] Blank industry count: 2
2026-06-29 22:10:05,222 [INFO] Sample duplicates: []
2026-06-29 22:10:05,222 [INFO] Sample blank sector: ['PNSB', 'MTEST']
2026-06-29 22:10:05,222 [INFO] Sample blank industry: ['PNSB', 'MTEST']
2026-06-29 22:10:05,222 [INFO] Output: data/ticker_price_master.json
2026-06-29 22:10:05,222 [INFO] ============================================================
2026-06-30 22:15:26,381 [INFO] Loaded 7746 rows from source/USA_Tickers_ALL.csv
2026-06-30 22:15:26,381 [INFO] Columns found: ['Symbol', 'Description', 'Price', 'Price - Currency', 'Price change %, 1 day', 'Volume, 1 day', 'Relative volume, 1 day', 'Sector', 'Industry', 'High, 52 weeks', 'High, 52 weeks - Currency', 'Low, 52 weeks', 'Low, 52 weeks - Currency', 'Exchange', 'Free float %', 'Performance %, Year to date']
2026-06-30 22:15:26,803 [INFO] ============================================================
2026-06-30 22:15:26,803 [INFO] TICKER PRICE MASTER BUILD SUMMARY
2026-06-30 22:15:26,803 [INFO] ============================================================
2026-06-30 22:15:26,803 [INFO] Master rows written: 7745
2026-06-30 22:15:26,803 [INFO] Type count: {'Stock': 7745}
2026-06-30 22:15:26,803 [INFO] Duplicate skipped count: 0
2026-06-30 22:15:26,803 [INFO] Blank sector count: 2
2026-06-30 22:15:26,803 [INFO] Blank industry count: 2
2026-06-30 22:15:26,803 [INFO] Sample duplicates: []
2026-06-30 22:15:26,803 [INFO] Sample blank sector: ['PNSB', 'MTEST']
2026-06-30 22:15:26,803 [INFO] Sample blank industry: ['PNSB', 'MTEST']
2026-06-30 22:15:26,804 [INFO] Output: data/ticker_price_master.json
2026-06-30 22:15:26,804 [INFO] ============================================================
2026-07-01 22:25:08,027 [INFO] Loaded 7746 rows from source/USA_Tickers_ALL.csv
2026-07-01 22:25:08,027 [INFO] Columns found: ['Symbol', 'Description', 'Price', 'Price - Currency', 'Price change %, 1 day', 'Volume, 1 day', 'Relative volume, 1 day', 'Sector', 'Industry', 'High, 52 weeks', 'High, 52 weeks - Currency', 'Low, 52 weeks', 'Low, 52 weeks - Currency', 'Exchange', 'Free float %', 'Performance %, Year to date']
2026-07-01 22:25:08,412 [INFO] ============================================================
2026-07-01 22:25:08,412 [INFO] TICKER PRICE MASTER BUILD SUMMARY
2026-07-01 22:25:08,413 [INFO] ============================================================
2026-07-01 22:25:08,413 [INFO] Master rows written: 7745
2026-07-01 22:25:08,413 [INFO] Type count: {'Stock': 7745}
2026-07-01 22:25:08,413 [INFO] Duplicate skipped count: 0
2026-07-01 22:25:08,413 [INFO] Blank sector count: 2
2026-07-01 22:25:08,413 [INFO] Blank industry count: 2
2026-07-01 22:25:08,413 [INFO] Sample duplicates: []
2026-07-01 22:25:08,413 [INFO] Sample blank sector: ['PNSB', 'MTEST']
2026-07-01 22:25:08,413 [INFO] Sample blank industry: ['PNSB', 'MTEST']
2026-07-01 22:25:08,413 [INFO] Output: data/ticker_price_master.json
2026-07-01 22:25:08,413 [INFO] ============================================================
2026-07-02 22:00:34,847 [INFO] Loaded 7746 rows from source/USA_Tickers_ALL.csv
2026-07-02 22:00:34,847 [INFO] Columns found: ['Symbol', 'Description', 'Price', 'Price - Currency', 'Price change %, 1 day', 'Volume, 1 day', 'Relative volume, 1 day', 'Sector', 'Industry', 'High, 52 weeks', 'High, 52 weeks - Currency', 'Low, 52 weeks', 'Low, 52 weeks - Currency', 'Exchange', 'Free float %', 'Performance %, Year to date']
2026-07-02 22:00:35,225 [INFO] ============================================================
2026-07-02 22:00:35,225 [INFO] TICKER PRICE MASTER BUILD SUMMARY
2026-07-02 22:00:35,225 [INFO] ============================================================
2026-07-02 22:00:35,225 [INFO] Master rows written: 7745
2026-07-02 22:00:35,225 [INFO] Type count: {'Stock': 7745}
2026-07-02 22:00:35,225 [INFO] Duplicate skipped count: 0
2026-07-02 22:00:35,225 [INFO] Blank sector count: 2
2026-07-02 22:00:35,226 [INFO] Blank industry count: 2
2026-07-02 22:00:35,226 [INFO] Sample duplicates: []
2026-07-02 22:00:35,226 [INFO] Sample blank sector: ['PNSB', 'MTEST']
2026-07-02 22:00:35,226 [INFO] Sample blank industry: ['PNSB', 'MTEST']
2026-07-02 22:00:35,226 [INFO] Output: data/ticker_price_master.json
2026-07-02 22:00:35,226 [INFO] ============================================================
2026-07-06 22:14:20,989 [INFO] Loaded 7746 rows from source/USA_Tickers_ALL.csv
2026-07-06 22:14:20,989 [INFO] Columns found: ['Symbol', 'Description', 'Price', 'Price - Currency', 'Price change %, 1 day', 'Volume, 1 day', 'Relative volume, 1 day', 'Sector', 'Industry', 'High, 52 weeks', 'High, 52 weeks - Currency', 'Low, 52 weeks', 'Low, 52 weeks - Currency', 'Exchange', 'Free float %', 'Performance %, Year to date']
2026-07-06 22:14:21,355 [INFO] ============================================================
2026-07-06 22:14:21,355 [INFO] TICKER PRICE MASTER BUILD SUMMARY
2026-07-06 22:14:21,355 [INFO] ============================================================
2026-07-06 22:14:21,355 [INFO] Master rows written: 7745
2026-07-06 22:14:21,355 [INFO] Type count: {'Stock': 7745}
2026-07-06 22:14:21,355 [INFO] Duplicate skipped count: 0
2026-07-06 22:14:21,356 [INFO] Blank sector count: 2
2026-07-06 22:14:21,356 [INFO] Blank industry count: 2
2026-07-06 22:14:21,356 [INFO] Sample duplicates: []
2026-07-06 22:14:21,356 [INFO] Sample blank sector: ['PNSB', 'MTEST']
2026-07-06 22:14:21,356 [INFO] Sample blank industry: ['PNSB', 'MTEST']
2026-07-06 22:14:21,356 [INFO] Output: data/ticker_price_master.json
2026-07-06 22:14:21,356 [INFO] ============================================================
2026-07-07 22:10:08,033 [INFO] Loaded 7746 rows from source/USA_Tickers_ALL.csv
2026-07-07 22:10:08,033 [INFO] Columns found: ['Symbol', 'Description', 'Price', 'Price - Currency', 'Price change %, 1 day', 'Volume, 1 day', 'Relative volume, 1 day', 'Sector', 'Industry', 'High, 52 weeks', 'High, 52 weeks - Currency', 'Low, 52 weeks', 'Low, 52 weeks - Currency', 'Exchange', 'Free float %', 'Performance %, Year to date']
2026-07-07 22:10:08,412 [INFO] ============================================================
2026-07-07 22:10:08,412 [INFO] TICKER PRICE MASTER BUILD SUMMARY
2026-07-07 22:10:08,412 [INFO] ============================================================
2026-07-07 22:10:08,412 [INFO] Master rows written: 7745
2026-07-07 22:10:08,412 [INFO] Type count: {'Stock': 7745}
2026-07-07 22:10:08,413 [INFO] Duplicate skipped count: 0
2026-07-07 22:10:08,413 [INFO] Blank sector count: 2
2026-07-07 22:10:08,413 [INFO] Blank industry count: 2
2026-07-07 22:10:08,413 [INFO] Sample duplicates: []
2026-07-07 22:10:08,413 [INFO] Sample blank sector: ['PNSB', 'MTEST']
2026-07-07 22:10:08,413 [INFO] Sample blank industry: ['PNSB', 'MTEST']
2026-07-07 22:10:08,413 [INFO] Output: data/ticker_price_master.json
2026-07-07 22:10:08,413 [INFO] ============================================================
2026-07-08 21:57:49,782 [INFO] Loaded 7746 rows from source/USA_Tickers_ALL.csv
2026-07-08 21:57:49,782 [INFO] Columns found: ['Symbol', 'Description', 'Price', 'Price - Currency', 'Price change %, 1 day', 'Volume, 1 day', 'Relative volume, 1 day', 'Sector', 'Industry', 'High, 52 weeks', 'High, 52 weeks - Currency', 'Low, 52 weeks', 'Low, 52 weeks - Currency', 'Exchange', 'Free float %', 'Performance %, Year to date']
2026-07-08 21:57:50,149 [INFO] ============================================================
2026-07-08 21:57:50,149 [INFO] TICKER PRICE MASTER BUILD SUMMARY
2026-07-08 21:57:50,149 [INFO] ============================================================
2026-07-08 21:57:50,149 [INFO] Master rows written: 7745
2026-07-08 21:57:50,149 [INFO] Type count: {'Stock': 7745}
2026-07-08 21:57:50,149 [INFO] Duplicate skipped count: 0
2026-07-08 21:57:50,149 [INFO] Blank sector count: 2
2026-07-08 21:57:50,149 [INFO] Blank industry count: 2
2026-07-08 21:57:50,149 [INFO] Sample duplicates: []
2026-07-08 21:57:50,149 [INFO] Sample blank sector: ['PNSB', 'MTEST']
2026-07-08 21:57:50,150 [INFO] Sample blank industry: ['PNSB', 'MTEST']
2026-07-08 21:57:50,150 [INFO] Output: data/ticker_price_master.json
2026-07-08 21:57:50,150 [INFO] ============================================================
2026-07-09 22:19:37,650 [INFO] Loaded 7675 rows from source/USA_Tickers_ALL.csv
2026-07-09 22:19:37,650 [INFO] Columns found: ['Symbol', 'Description', 'Price', 'Price - Currency', 'Price change %, 1 day', 'Volume, 1 day', 'Relative volume, 1 day', 'Sector', 'Industry', 'High, 52 weeks', 'High, 52 weeks - Currency', 'Low, 52 weeks', 'Low, 52 weeks - Currency', 'Exchange', 'Free float %', 'Performance %, Year to date']
2026-07-09 22:19:38,021 [INFO] ============================================================
2026-07-09 22:19:38,021 [INFO] TICKER PRICE MASTER BUILD SUMMARY
2026-07-09 22:19:38,021 [INFO] ============================================================
2026-07-09 22:19:38,021 [INFO] Master rows written: 7674
2026-07-09 22:19:38,022 [INFO] Type count: {'Stock': 7674}
2026-07-09 22:19:38,022 [INFO] Duplicate skipped count: 0
2026-07-09 22:19:38,022 [INFO] Blank sector count: 6
2026-07-09 22:19:38,022 [INFO] Blank industry count: 6
2026-07-09 22:19:38,022 [INFO] Sample duplicates: []
2026-07-09 22:19:38,022 [INFO] Sample blank sector: ['MTEST', 'PNSB', 'MFNTS', 'MWKTS', 'MWMWS', 'AHVAS']
2026-07-09 22:19:38,022 [INFO] Sample blank industry: ['MTEST', 'PNSB', 'MFNTS', 'MWKTS', 'MWMWS', 'AHVAS']
2026-07-09 22:19:38,022 [INFO] Output: data/ticker_price_master.json
2026-07-09 22:19:38,022 [INFO] ============================================================
2026-07-10 21:55:31,680 [INFO] Loaded 7675 rows from source/USA_Tickers_ALL.csv
2026-07-10 21:55:31,680 [INFO] Columns found: ['Symbol', 'Description', 'Price', 'Price - Currency', 'Price change %, 1 day', 'Volume, 1 day', 'Relative volume, 1 day', 'Sector', 'Industry', 'High, 52 weeks', 'High, 52 weeks - Currency', 'Low, 52 weeks', 'Low, 52 weeks - Currency', 'Exchange', 'Free float %', 'Performance %, Year to date']
2026-07-10 21:55:32,048 [INFO] ============================================================
2026-07-10 21:55:32,048 [INFO] TICKER PRICE MASTER BUILD SUMMARY
2026-07-10 21:55:32,048 [INFO] ============================================================
2026-07-10 21:55:32,048 [INFO] Master rows written: 7674
2026-07-10 21:55:32,048 [INFO] Type count: {'Stock': 7674}
2026-07-10 21:55:32,048 [INFO] Duplicate skipped count: 0
2026-07-10 21:55:32,048 [INFO] Blank sector count: 6
2026-07-10 21:55:32,049 [INFO] Blank industry count: 6
2026-07-10 21:55:32,049 [INFO] Sample duplicates: []
2026-07-10 21:55:32,049 [INFO] Sample blank sector: ['MTEST', 'PNSB', 'MFNTS', 'MWKTS', 'MWMWS', 'AHVAS']
2026-07-10 21:55:32,049 [INFO] Sample blank industry: ['MTEST', 'PNSB', 'MFNTS', 'MWKTS', 'MWMWS', 'AHVAS']
2026-07-10 21:55:32,049 [INFO] Output: data/ticker_price_master.json
2026-07-10 21:55:32,049 [INFO] ============================================================
2026-07-13 21:44:41,263 [INFO] Loaded 7675 rows from source/USA_Tickers_ALL.csv
2026-07-13 21:44:41,263 [INFO] Columns found: ['Symbol', 'Description', 'Price', 'Price - Currency', 'Price change %, 1 day', 'Volume, 1 day', 'Relative volume, 1 day', 'Sector', 'Industry', 'High, 52 weeks', 'High, 52 weeks - Currency', 'Low, 52 weeks', 'Low, 52 weeks - Currency', 'Exchange', 'Free float %', 'Performance %, Year to date']
2026-07-13 21:44:41,625 [INFO] ============================================================
2026-07-13 21:44:41,625 [INFO] TICKER PRICE MASTER BUILD SUMMARY
2026-07-13 21:44:41,625 [INFO] ============================================================
2026-07-13 21:44:41,625 [INFO] Master rows written: 7674
2026-07-13 21:44:41,625 [INFO] Type count: {'Stock': 7674}
2026-07-13 21:44:41,625 [INFO] Duplicate skipped count: 0
2026-07-13 21:44:41,625 [INFO] Blank sector count: 6
2026-07-13 21:44:41,626 [INFO] Blank industry count: 6
2026-07-13 21:44:41,626 [INFO] Sample duplicates: []
2026-07-13 21:44:41,626 [INFO] Sample blank sector: ['MTEST', 'PNSB', 'MFNTS', 'MWKTS', 'MWMWS', 'AHVAS']
2026-07-13 21:44:41,626 [INFO] Sample blank industry: ['MTEST', 'PNSB', 'MFNTS', 'MWKTS', 'MWMWS', 'AHVAS']
2026-07-13 21:44:41,626 [INFO] Output: data/ticker_price_master.json
2026-07-13 21:44:41,626 [INFO] ============================================================
2026-07-14 21:49:53,312 [INFO] Loaded 7675 rows from source/USA_Tickers_ALL.csv
2026-07-14 21:49:53,312 [INFO] Columns found: ['Symbol', 'Description', 'Price', 'Price - Currency', 'Price change %, 1 day', 'Volume, 1 day', 'Relative volume, 1 day', 'Sector', 'Industry', 'High, 52 weeks', 'High, 52 weeks - Currency', 'Low, 52 weeks', 'Low, 52 weeks - Currency', 'Exchange', 'Free float %', 'Performance %, Year to date']
2026-07-14 21:49:53,591 [INFO] ============================================================
2026-07-14 21:49:53,591 [INFO] TICKER PRICE MASTER BUILD SUMMARY
2026-07-14 21:49:53,591 [INFO] ============================================================
2026-07-14 21:49:53,591 [INFO] Master rows written: 7674
2026-07-14 21:49:53,591 [INFO] Type count: {'Stock': 7674}
2026-07-14 21:49:53,591 [INFO] Duplicate skipped count: 0
2026-07-14 21:49:53,591 [INFO] Blank sector count: 6
2026-07-14 21:49:53,591 [INFO] Blank industry count: 6
2026-07-14 21:49:53,591 [INFO] Sample duplicates: []
2026-07-14 21:49:53,591 [INFO] Sample blank sector: ['MTEST', 'PNSB', 'MFNTS', 'MWKTS', 'MWMWS', 'AHVAS']
2026-07-14 21:49:53,591 [INFO] Sample blank industry: ['MTEST', 'PNSB', 'MFNTS', 'MWKTS', 'MWMWS', 'AHVAS']
2026-07-14 21:49:53,591 [INFO] Output: data/ticker_price_master.json
2026-07-14 21:49:53,591 [INFO] ============================================================
2026-07-15 21:56:16,578 [INFO] Loaded 7675 rows from source/USA_Tickers_ALL.csv
2026-07-15 21:56:16,578 [INFO] Columns found: ['Symbol', 'Description', 'Price', 'Price - Currency', 'Price change %, 1 day', 'Volume, 1 day', 'Relative volume, 1 day', 'Sector', 'Industry', 'High, 52 weeks', 'High, 52 weeks - Currency', 'Low, 52 weeks', 'Low, 52 weeks - Currency', 'Exchange', 'Free float %', 'Performance %, Year to date']
2026-07-15 21:56:16,723 [INFO] ============================================================
2026-07-15 21:56:16,723 [INFO] TICKER PRICE MASTER BUILD SUMMARY
2026-07-15 21:56:16,723 [INFO] ============================================================
2026-07-15 21:56:16,723 [INFO] Master rows written: 7674
2026-07-15 21:56:16,723 [INFO] Type count: {'Stock': 7674}
2026-07-15 21:56:16,723 [INFO] Duplicate skipped count: 0
2026-07-15 21:56:16,723 [INFO] Blank sector count: 6
2026-07-15 21:56:16,723 [INFO] Blank industry count: 6
2026-07-15 21:56:16,723 [INFO] Sample duplicates: []
2026-07-15 21:56:16,723 [INFO] Sample blank sector: ['MTEST', 'PNSB', 'MFNTS', 'MWKTS', 'MWMWS', 'AHVAS']
2026-07-15 21:56:16,723 [INFO] Sample blank industry: ['MTEST', 'PNSB', 'MFNTS', 'MWKTS', 'MWMWS', 'AHVAS']
2026-07-15 21:56:16,723 [INFO] Output: data/ticker_price_master.json
2026-07-15 21:56:16,723 [INFO] ============================================================
2026-07-16 21:56:05,114 [INFO] Loaded 7675 rows from source/USA_Tickers_ALL.csv
2026-07-16 21:56:05,114 [INFO] Columns found: ['Symbol', 'Description', 'Price', 'Price - Currency', 'Price change %, 1 day', 'Volume, 1 day', 'Relative volume, 1 day', 'Sector', 'Industry', 'High, 52 weeks', 'High, 52 weeks - Currency', 'Low, 52 weeks', 'Low, 52 weeks - Currency', 'Exchange', 'Free float %', 'Performance %, Year to date']
2026-07-16 21:56:05,305 [INFO] ============================================================
2026-07-16 21:56:05,305 [INFO] TICKER PRICE MASTER BUILD SUMMARY
2026-07-16 21:56:05,305 [INFO] ============================================================
2026-07-16 21:56:05,305 [INFO] Master rows written: 7674
2026-07-16 21:56:05,305 [INFO] Type count: {'Stock': 7674}
2026-07-16 21:56:05,305 [INFO] Duplicate skipped count: 0
2026-07-16 21:56:05,305 [INFO] Blank sector count: 6
2026-07-16 21:56:05,305 [INFO] Blank industry count: 6
2026-07-16 21:56:05,305 [INFO] Sample duplicates: []
2026-07-16 21:56:05,305 [INFO] Sample blank sector: ['MTEST', 'PNSB', 'MFNTS', 'MWKTS', 'MWMWS', 'AHVAS']
2026-07-16 21:56:05,305 [INFO] Sample blank industry: ['MTEST', 'PNSB', 'MFNTS', 'MWKTS', 'MWMWS', 'AHVAS']
2026-07-16 21:56:05,305 [INFO] Output: data/ticker_price_master.json
2026-07-16 21:56:05,306 [INFO] ============================================================
2026-07-17 21:40:30,327 [INFO] Loaded 7675 rows from source/USA_Tickers_ALL.csv
2026-07-17 21:40:30,327 [INFO] Columns found: ['Symbol', 'Description', 'Price', 'Price - Currency', 'Price change %, 1 day', 'Volume, 1 day', 'Relative volume, 1 day', 'Sector', 'Industry', 'High, 52 weeks', 'High, 52 weeks - Currency', 'Low, 52 weeks', 'Low, 52 weeks - Currency', 'Exchange', 'Free float %', 'Performance %, Year to date']
2026-07-17 21:40:30,726 [INFO] ============================================================
2026-07-17 21:40:30,726 [INFO] TICKER PRICE MASTER BUILD SUMMARY
2026-07-17 21:40:30,726 [INFO] ============================================================
2026-07-17 21:40:30,726 [INFO] Master rows written: 7674
2026-07-17 21:40:30,726 [INFO] Type count: {'Stock': 7674}
2026-07-17 21:40:30,727 [INFO] Duplicate skipped count: 0
2026-07-17 21:40:30,727 [INFO] Blank sector count: 6
2026-07-17 21:40:30,727 [INFO] Blank industry count: 6
2026-07-17 21:40:30,727 [INFO] Sample duplicates: []
2026-07-17 21:40:30,727 [INFO] Sample blank sector: ['MTEST', 'PNSB', 'MFNTS', 'MWKTS', 'MWMWS', 'AHVAS']
2026-07-17 21:40:30,727 [INFO] Sample blank industry: ['MTEST', 'PNSB', 'MFNTS', 'MWKTS', 'MWMWS', 'AHVAS']
2026-07-17 21:40:30,727 [INFO] Output: data/ticker_price_master.json
2026-07-17 21:40:30,727 [INFO] ============================================================
2026-07-20 22:02:51,374 [INFO] Loaded 7675 rows from source/USA_Tickers_ALL.csv
2026-07-20 22:02:51,374 [INFO] Columns found: ['Symbol', 'Description', 'Price', 'Price - Currency', 'Price change %, 1 day', 'Volume, 1 day', 'Relative volume, 1 day', 'Sector', 'Industry', 'High, 52 weeks', 'High, 52 weeks - Currency', 'Low, 52 weeks', 'Low, 52 weeks - Currency', 'Exchange', 'Free float %', 'Performance %, Year to date']
2026-07-20 22:02:51,751 [INFO] ============================================================
2026-07-20 22:02:51,751 [INFO] TICKER PRICE MASTER BUILD SUMMARY
2026-07-20 22:02:51,751 [INFO] ============================================================
2026-07-20 22:02:51,751 [INFO] Master rows written: 7674
2026-07-20 22:02:51,751 [INFO] Type count: {'Stock': 7674}
2026-07-20 22:02:51,751 [INFO] Duplicate skipped count: 0
2026-07-20 22:02:51,751 [INFO] Blank sector count: 6
2026-07-20 22:02:51,752 [INFO] Blank industry count: 6
2026-07-20 22:02:51,752 [INFO] Sample duplicates: []
2026-07-20 22:02:51,752 [INFO] Sample blank sector: ['MTEST', 'PNSB', 'MFNTS', 'MWKTS', 'MWMWS', 'AHVAS']
2026-07-20 22:02:51,752 [INFO] Sample blank industry: ['MTEST', 'PNSB', 'MFNTS', 'MWKTS', 'MWMWS', 'AHVAS']
2026-07-20 22:02:51,752 [INFO] Output: data/ticker_price_master.json
2026-07-20 22:02:51,752 [INFO] ============================================================
2026-07-21 21:59:40,708 [INFO] Loaded 7675 rows from source/USA_Tickers_ALL.csv
2026-07-21 21:59:40,709 [INFO] Columns found: ['Symbol', 'Description', 'Price', 'Price - Currency', 'Price change %, 1 day', 'Volume, 1 day', 'Relative volume, 1 day', 'Sector', 'Industry', 'High, 52 weeks', 'High, 52 weeks - Currency', 'Low, 52 weeks', 'Low, 52 weeks - Currency', 'Exchange', 'Free float %', 'Performance %, Year to date']
2026-07-21 21:59:40,910 [INFO] ============================================================
2026-07-21 21:59:40,910 [INFO] TICKER PRICE MASTER BUILD SUMMARY
2026-07-21 21:59:40,910 [INFO] ============================================================
2026-07-21 21:59:40,910 [INFO] Master rows written: 7674
2026-07-21 21:59:40,910 [INFO] Type count: {'Stock': 7674}
2026-07-21 21:59:40,910 [INFO] Duplicate skipped count: 0
2026-07-21 21:59:40,910 [INFO] Blank sector count: 6
2026-07-21 21:59:40,910 [INFO] Blank industry count: 6
2026-07-21 21:59:40,910 [INFO] Sample duplicates: []
2026-07-21 21:59:40,910 [INFO] Sample blank sector: ['MTEST', 'PNSB', 'MFNTS', 'MWKTS', 'MWMWS', 'AHVAS']
2026-07-21 21:59:40,911 [INFO] Sample blank industry: ['MTEST', 'PNSB', 'MFNTS', 'MWKTS', 'MWMWS', 'AHVAS']
2026-07-21 21:59:40,911 [INFO] Output: data/ticker_price_master.json
2026-07-21 21:59:40,911 [INFO] ============================================================
2026-07-22 22:25:45,692 [INFO] Loaded 7675 rows from source/USA_Tickers_ALL.csv
2026-07-22 22:25:45,692 [INFO] Columns found: ['Symbol', 'Description', 'Price', 'Price - Currency', 'Price change %, 1 day', 'Volume, 1 day', 'Relative volume, 1 day', 'Sector', 'Industry', 'High, 52 weeks', 'High, 52 weeks - Currency', 'Low, 52 weeks', 'Low, 52 weeks - Currency', 'Exchange', 'Free float %', 'Performance %, Year to date']
2026-07-22 22:25:45,942 [INFO] ============================================================
2026-07-22 22:25:45,943 [INFO] TICKER PRICE MASTER BUILD SUMMARY
2026-07-22 22:25:45,943 [INFO] ============================================================
2026-07-22 22:25:45,943 [INFO] Master rows written: 7674
2026-07-22 22:25:45,943 [INFO] Type count: {'Stock': 7674}
2026-07-22 22:25:45,943 [INFO] Duplicate skipped count: 0
2026-07-22 22:25:45,943 [INFO] Blank sector count: 6
2026-07-22 22:25:45,943 [INFO] Blank industry count: 6
2026-07-22 22:25:45,943 [INFO] Sample duplicates: []
2026-07-22 22:25:45,943 [INFO] Sample blank sector: ['MTEST', 'PNSB', 'MFNTS', 'MWKTS', 'MWMWS', 'AHVAS']
2026-07-22 22:25:45,943 [INFO] Sample blank industry: ['MTEST', 'PNSB', 'MFNTS', 'MWKTS', 'MWMWS', 'AHVAS']
2026-07-22 22:25:45,943 [INFO] Output: data/ticker_price_master.json
2026-07-22 22:25:45,943 [INFO] ============================================================
2026-07-23 21:53:24,363 [INFO] Loaded 7675 rows from source/USA_Tickers_ALL.csv
2026-07-23 21:53:24,363 [INFO] Columns found: ['Symbol', 'Description', 'Price', 'Price - Currency', 'Price change %, 1 day', 'Volume, 1 day', 'Relative volume, 1 day', 'Sector', 'Industry', 'High, 52 weeks', 'High, 52 weeks - Currency', 'Low, 52 weeks', 'Low, 52 weeks - Currency', 'Exchange', 'Free float %', 'Performance %, Year to date']
2026-07-23 21:53:24,610 [INFO] ============================================================
2026-07-23 21:53:24,610 [INFO] TICKER PRICE MASTER BUILD SUMMARY
2026-07-23 21:53:24,610 [INFO] ============================================================
2026-07-23 21:53:24,610 [INFO] Master rows written: 7674
2026-07-23 21:53:24,610 [INFO] Type count: {'Stock': 7674}
2026-07-23 21:53:24,610 [INFO] Duplicate skipped count: 0
2026-07-23 21:53:24,610 [INFO] Blank sector count: 6
2026-07-23 21:53:24,610 [INFO] Blank industry count: 6
2026-07-23 21:53:24,611 [INFO] Sample duplicates: []
2026-07-23 21:53:24,611 [INFO] Sample blank sector: ['MTEST', 'PNSB', 'MFNTS', 'MWKTS', 'MWMWS', 'AHVAS']
2026-07-23 21:53:24,611 [INFO] Sample blank industry: ['MTEST', 'PNSB', 'MFNTS', 'MWKTS', 'MWMWS', 'AHVAS']
2026-07-23 21:53:24,611 [INFO] Output: data/ticker_price_master.json
2026-07-23 21:53:24,611 [INFO] ============================================================
2026-07-24 21:56:47,565 [INFO] Loaded 7675 rows from source/USA_Tickers_ALL.csv
2026-07-24 21:56:47,565 [INFO] Columns found: ['Symbol', 'Description', 'Price', 'Price - Currency', 'Price change %, 1 day', 'Volume, 1 day', 'Relative volume, 1 day', 'Sector', 'Industry', 'High, 52 weeks', 'High, 52 weeks - Currency', 'Low, 52 weeks', 'Low, 52 weeks - Currency', 'Exchange', 'Free float %', 'Performance %, Year to date']
2026-07-24 21:56:47,930 [INFO] ============================================================
2026-07-24 21:56:47,930 [INFO] TICKER PRICE MASTER BUILD SUMMARY
2026-07-24 21:56:47,930 [INFO] ============================================================
2026-07-24 21:56:47,931 [INFO] Master rows written: 7674
2026-07-24 21:56:47,931 [INFO] Type count: {'Stock': 7674}
2026-07-24 21:56:47,931 [INFO] Duplicate skipped count: 0
2026-07-24 21:56:47,931 [INFO] Blank sector count: 6
2026-07-24 21:56:47,931 [INFO] Blank industry count: 6
2026-07-24 21:56:47,931 [INFO] Sample duplicates: []
2026-07-24 21:56:47,931 [INFO] Sample blank sector: ['MTEST', 'PNSB', 'MFNTS', 'MWKTS', 'MWMWS', 'AHVAS']
2026-07-24 21:56:47,931 [INFO] Sample blank industry: ['MTEST', 'PNSB', 'MFNTS', 'MWKTS', 'MWMWS', 'AHVAS']
2026-07-24 21:56:47,931 [INFO] Output: data/ticker_price_master.json
2026-07-24 21:56:47,931 [INFO] ============================================================
2026-07-27 21:57:06,983 [INFO] Loaded 7675 rows from source/USA_Tickers_ALL.csv
2026-07-27 21:57:06,983 [INFO] Columns found: ['Symbol', 'Description', 'Price', 'Price - Currency', 'Price change %, 1 day', 'Volume, 1 day', 'Relative volume, 1 day', 'Sector', 'Industry', 'High, 52 weeks', 'High, 52 weeks - Currency', 'Low, 52 weeks', 'Low, 52 weeks - Currency', 'Exchange', 'Free float %', 'Performance %, Year to date']
2026-07-27 21:57:07,227 [INFO] ============================================================
2026-07-27 21:57:07,227 [INFO] TICKER PRICE MASTER BUILD SUMMARY
2026-07-27 21:57:07,227 [INFO] ============================================================
2026-07-27 21:57:07,227 [INFO] Master rows written: 7674
2026-07-27 21:57:07,228 [INFO] Type count: {'Stock': 7674}
2026-07-27 21:57:07,228 [INFO] Duplicate skipped count: 0
2026-07-27 21:57:07,228 [INFO] Blank sector count: 6
2026-07-27 21:57:07,228 [INFO] Blank industry count: 6
2026-07-27 21:57:07,228 [INFO] Sample duplicates: []
2026-07-27 21:57:07,228 [INFO] Sample blank sector: ['MTEST', 'PNSB', 'MFNTS', 'MWKTS', 'MWMWS', 'AHVAS']
2026-07-27 21:57:07,228 [INFO] Sample blank industry: ['MTEST', 'PNSB', 'MFNTS', 'MWKTS', 'MWMWS', 'AHVAS']
2026-07-27 21:57:07,228 [INFO] Output: data/ticker_price_master.json
2026-07-27 21:57:07,228 [INFO] ============================================================
2026-07-28 21:58:27,790 [INFO] Loaded 7675 rows from source/USA_Tickers_ALL.csv
2026-07-28 21:58:27,791 [INFO] Columns found: ['Symbol', 'Description', 'Price', 'Price - Currency', 'Price change %, 1 day', 'Volume, 1 day', 'Relative volume, 1 day', 'Sector', 'Industry', 'High, 52 weeks', 'High, 52 weeks - Currency', 'Low, 52 weeks', 'Low, 52 weeks - Currency', 'Exchange', 'Free float %', 'Performance %, Year to date']
2026-07-28 21:58:28,040 [INFO] ============================================================
2026-07-28 21:58:28,040 [INFO] TICKER PRICE MASTER BUILD SUMMARY
2026-07-28 21:58:28,040 [INFO] ============================================================
2026-07-28 21:58:28,040 [INFO] Master rows written: 7674
2026-07-28 21:58:28,041 [INFO] Type count: {'Stock': 7674}
2026-07-28 21:58:28,041 [INFO] Duplicate skipped count: 0
2026-07-28 21:58:28,041 [INFO] Blank sector count: 6
2026-07-28 21:58:28,041 [INFO] Blank industry count: 6
2026-07-28 21:58:28,041 [INFO] Sample duplicates: []
2026-07-28 21:58:28,041 [INFO] Sample blank sector: ['MTEST', 'PNSB', 'MFNTS', 'MWKTS', 'MWMWS', 'AHVAS']
2026-07-28 21:58:28,041 [INFO] Sample blank industry: ['MTEST', 'PNSB', 'MFNTS', 'MWKTS', 'MWMWS', 'AHVAS']
2026-07-28 21:58:28,041 [INFO] Output: data/ticker_price_master.json
2026-07-28 21:58:28,041 [INFO] ============================================================
2026-07-29 21:47:19,405 [INFO] Loaded 7675 rows from source/USA_Tickers_ALL.csv
2026-07-29 21:47:19,405 [INFO] Columns found: ['Symbol', 'Description', 'Price', 'Price - Currency', 'Price change %, 1 day', 'Volume, 1 day', 'Relative volume, 1 day', 'Sector', 'Industry', 'High, 52 weeks', 'High, 52 weeks - Currency', 'Low, 52 weeks', 'Low, 52 weeks - Currency', 'Exchange', 'Free float %', 'Performance %, Year to date']
2026-07-29 21:47:19,777 [INFO] ============================================================
2026-07-29 21:47:19,777 [INFO] TICKER PRICE MASTER BUILD SUMMARY
2026-07-29 21:47:19,777 [INFO] ============================================================
2026-07-29 21:47:19,777 [INFO] Master rows written: 7674
2026-07-29 21:47:19,778 [INFO] Type count: {'Stock': 7674}
2026-07-29 21:47:19,778 [INFO] Duplicate skipped count: 0
2026-07-29 21:47:19,778 [INFO] Blank sector count: 6
2026-07-29 21:47:19,778 [INFO] Blank industry count: 6
2026-07-29 21:47:19,778 [INFO] Sample duplicates: []
2026-07-29 21:47:19,778 [INFO] Sample blank sector: ['MTEST', 'PNSB', 'MFNTS', 'MWKTS', 'MWMWS', 'AHVAS']
2026-07-29 21:47:19,778 [INFO] Sample blank industry: ['MTEST', 'PNSB', 'MFNTS', 'MWKTS', 'MWMWS', 'AHVAS']
2026-07-29 21:47:19,778 [INFO] Output: data/ticker_price_master.json
2026-07-29 21:47:19,778 [INFO] ============================================================
2026-07-30 22:05:41,974 [INFO] Loaded 7675 rows from source/USA_Tickers_ALL.csv
2026-07-30 22:05:41,975 [INFO] Columns found: ['Symbol', 'Description', 'Price', 'Price - Currency', 'Price change %, 1 day', 'Volume, 1 day', 'Relative volume, 1 day', 'Sector', 'Industry', 'High, 52 weeks', 'High, 52 weeks - Currency', 'Low, 52 weeks', 'Low, 52 weeks - Currency', 'Exchange', 'Free float %', 'Performance %, Year to date']
2026-07-30 22:05:42,354 [INFO] ============================================================
2026-07-30 22:05:42,354 [INFO] TICKER PRICE MASTER BUILD SUMMARY
2026-07-30 22:05:42,354 [INFO] ============================================================
2026-07-30 22:05:42,354 [INFO] Master rows written: 7674
2026-07-30 22:05:42,354 [INFO] Type count: {'Stock': 7674}
2026-07-30 22:05:42,354 [INFO] Duplicate skipped count: 0
2026-07-30 22:05:42,354 [INFO] Blank sector count: 6
2026-07-30 22:05:42,354 [INFO] Blank industry count: 6
2026-07-30 22:05:42,354 [INFO] Sample duplicates: []
2026-07-30 22:05:42,354 [INFO] Sample blank sector: ['MTEST', 'PNSB', 'MFNTS', 'MWKTS', 'MWMWS', 'AHVAS']
2026-07-30 22:05:42,355 [INFO] Sample blank industry: ['MTEST', 'PNSB', 'MFNTS', 'MWKTS', 'MWMWS', 'AHVAS']
2026-07-30 22:05:42,355 [INFO] Output: data/ticker_price_master.json
2026-07-30 22:05:42,355 [INFO] ============================================================
2026-07-31 21:59:35,317 [INFO] Loaded 7675 rows from source/USA_Tickers_ALL.csv
2026-07-31 21:59:35,317 [INFO] Columns found: ['Symbol', 'Description', 'Price', 'Price - Currency', 'Price change %, 1 day', 'Volume, 1 day', 'Relative volume, 1 day', 'Sector', 'Industry', 'High, 52 weeks', 'High, 52 weeks - Currency', 'Low, 52 weeks', 'Low, 52 weeks - Currency', 'Exchange', 'Free float %', 'Performance %, Year to date']
2026-07-31 21:59:35,758 [INFO] ============================================================
2026-07-31 21:59:35,758 [INFO] TICKER PRICE MASTER BUILD SUMMARY
2026-07-31 21:59:35,758 [INFO] ============================================================
2026-07-31 21:59:35,758 [INFO] Master rows written: 7674
2026-07-31 21:59:35,759 [INFO] Type count: {'Stock': 7674}
2026-07-31 21:59:35,759 [INFO] Duplicate skipped count: 0
2026-07-31 21:59:35,759 [INFO] Blank sector count: 6
2026-07-31 21:59:35,759 [INFO] Blank industry count: 6
2026-07-31 21:59:35,759 [INFO] Sample duplicates: []
2026-07-31 21:59:35,759 [INFO] Sample blank sector: ['MTEST', 'PNSB', 'MFNTS', 'MWKTS', 'MWMWS', 'AHVAS']
2026-07-31 21:59:35,759 [INFO] Sample blank industry: ['MTEST', 'PNSB', 'MFNTS', 'MWKTS', 'MWMWS', 'AHVAS']
2026-07-31 21:59:35,759 [INFO] Output: data/ticker_price_master.json
2026-07-31 21:59:35,759 [INFO] ============================================================
2026-08-03 22:00:28,970 [INFO] Loaded 7675 rows from source/USA_Tickers_ALL.csv
2026-08-03 22:00:28,970 [INFO] Columns found: ['Symbol', 'Description', 'Price', 'Price - Currency', 'Price change %, 1 day', 'Volume, 1 day', 'Relative volume, 1 day', 'Sector', 'Industry', 'High, 52 weeks', 'High, 52 weeks - Currency', 'Low, 52 weeks', 'Low, 52 weeks - Currency', 'Exchange', 'Free float %', 'Performance %, Year to date']
2026-08-03 22:00:29,335 [INFO] ============================================================
2026-08-03 22:00:29,335 [INFO] TICKER PRICE MASTER BUILD SUMMARY
2026-08-03 22:00:29,335 [INFO] ============================================================
2026-08-03 22:00:29,335 [INFO] Master rows written: 7674
2026-08-03 22:00:29,336 [INFO] Type count: {'Stock': 7674}
2026-08-03 22:00:29,336 [INFO] Duplicate skipped count: 0
2026-08-03 22:00:29,336 [INFO] Blank sector count: 6
2026-08-03 22:00:29,336 [INFO] Blank industry count: 6
2026-08-03 22:00:29,336 [INFO] Sample duplicates: []
2026-08-03 22:00:29,336 [INFO] Sample blank sector: ['MTEST', 'PNSB', 'MFNTS', 'MWKTS', 'MWMWS', 'AHVAS']
2026-08-03 22:00:29,336 [INFO] Sample blank industry: ['MTEST', 'PNSB', 'MFNTS', 'MWKTS', 'MWMWS', 'AHVAS']
2026-08-03 22:00:29,336 [INFO] Output: data/ticker_price_master.json
2026-08-03 22:00:29,336 [INFO] ============================================================
2026-08-04 22:06:57,768 [INFO] Loaded 7675 rows from source/USA_Tickers_ALL.csv
2026-08-04 22:06:57,768 [INFO] Columns found: ['Symbol', 'Description', 'Price', 'Price - Currency', 'Price change %, 1 day', 'Volume, 1 day', 'Relative volume, 1 day', 'Sector', 'Industry', 'High, 52 weeks', 'High, 52 weeks - Currency', 'Low, 52 weeks', 'Low, 52 weeks - Currency', 'Exchange', 'Free float %', 'Performance %, Year to date']
2026-08-04 22:06:58,130 [INFO] ============================================================
2026-08-04 22:06:58,131 [INFO] TICKER PRICE MASTER BUILD SUMMARY
2026-08-04 22:06:58,131 [INFO] ============================================================
2026-08-04 22:06:58,131 [INFO] Master rows written: 7674
2026-08-04 22:06:58,131 [INFO] Type count: {'Stock': 7674}
2026-08-04 22:06:58,131 [INFO] Duplicate skipped count: 0
2026-08-04 22:06:58,131 [INFO] Blank sector count: 6
2026-08-04 22:06:58,131 [INFO] Blank industry count: 6
2026-08-04 22:06:58,131 [INFO] Sample duplicates: []
2026-08-04 22:06:58,131 [INFO] Sample blank sector: ['MTEST', 'PNSB', 'MFNTS', 'MWKTS', 'MWMWS', 'AHVAS']
2026-08-04 22:06:58,131 [INFO] Sample blank industry: ['MTEST', 'PNSB', 'MFNTS', 'MWKTS', 'MWMWS', 'AHVAS']
2026-08-04 22:06:58,131 [INFO] Output: data/ticker_price_master.json
2026-08-04 22:06:58,131 [INFO] ============================================================
2026-08-05 22:04:54,358 [INFO] Loaded 7675 rows from source/USA_Tickers_ALL.csv
2026-08-05 22:04:54,358 [INFO] Columns found: ['Symbol', 'Description', 'Price', 'Price - Currency', 'Price change %, 1 day', 'Volume, 1 day', 'Relative volume, 1 day', 'Sector', 'Industry', 'High, 52 weeks', 'High, 52 weeks - Currency', 'Low, 52 weeks', 'Low, 52 weeks - Currency', 'Exchange', 'Free float %', 'Performance %, Year to date']
2026-08-05 22:04:54,513 [INFO] ============================================================
2026-08-05 22:04:54,514 [INFO] TICKER PRICE MASTER BUILD SUMMARY
2026-08-05 22:04:54,514 [INFO] ============================================================
2026-08-05 22:04:54,514 [INFO] Master rows written: 7674
2026-08-05 22:04:54,514 [INFO] Type count: {'Stock': 7674}
2026-08-05 22:04:54,514 [INFO] Duplicate skipped count: 0
2026-08-05 22:04:54,514 [INFO] Blank sector count: 6
2026-08-05 22:04:54,514 [INFO] Blank industry count: 6
2026-08-05 22:04:54,514 [INFO] Sample duplicates: []
2026-08-05 22:04:54,514 [INFO] Sample blank sector: ['MTEST', 'PNSB', 'MFNTS', 'MWKTS', 'MWMWS', 'AHVAS']
2026-08-05 22:04:54,514 [INFO] Sample blank industry: ['MTEST', 'PNSB', 'MFNTS', 'MWKTS', 'MWMWS', 'AHVAS']
2026-08-05 22:04:54,514 [INFO] Output: data/ticker_price_master.json
2026-08-05 22:04:54,514 [INFO] ============================================================
2026-08-07 01:11:49,798 [INFO] Loaded 7675 rows from source/USA_Tickers_ALL.csv
2026-08-07 01:11:49,798 [INFO] Columns found: ['Symbol', 'Description', 'Price', 'Price - Currency', 'Price change %, 1 day', 'Volume, 1 day', 'Relative volume, 1 day', 'Sector', 'Industry', 'High, 52 weeks', 'High, 52 weeks - Currency', 'Low, 52 weeks', 'Low, 52 weeks - Currency', 'Exchange', 'Free float %', 'Performance %, Year to date']
2026-08-07 01:11:50,186 [INFO] ============================================================
2026-08-07 01:11:50,186 [INFO] TICKER PRICE MASTER BUILD SUMMARY
2026-08-07 01:11:50,186 [INFO] ============================================================
2026-08-07 01:11:50,186 [INFO] Master rows written: 7674
2026-08-07 01:11:50,186 [INFO] Type count: {'Stock': 7674}
2026-08-07 01:11:50,187 [INFO] Duplicate skipped count: 0
2026-08-07 01:11:50,187 [INFO] Blank sector count: 6
2026-08-07 01:11:50,187 [INFO] Blank industry count: 6
2026-08-07 01:11:50,187 [INFO] Sample duplicates: []
2026-08-07 01:11:50,187 [INFO] Sample blank sector: ['MTEST', 'PNSB', 'MFNTS', 'MWKTS', 'MWMWS', 'AHVAS']
2026-08-07 01:11:50,187 [INFO] Sample blank industry: ['MTEST', 'PNSB', 'MFNTS', 'MWKTS', 'MWMWS', 'AHVAS']
2026-08-07 01:11:50,187 [INFO] Output: data/ticker_price_master.json
2026-08-07 01:11:50,187 [INFO] ============================================================
2026-08-07 21:34:48,008 [INFO] Loaded 7675 rows from source/USA_Tickers_ALL.csv
2026-08-07 21:34:48,008 [INFO] Columns found: ['Symbol', 'Description', 'Price', 'Price - Currency', 'Price change %, 1 day', 'Volume, 1 day', 'Relative volume, 1 day', 'Sector', 'Industry', 'High, 52 weeks', 'High, 52 weeks - Currency', 'Low, 52 weeks', 'Low, 52 weeks - Currency', 'Exchange', 'Free float %', 'Performance %, Year to date']
2026-08-07 21:34:48,137 [INFO] ============================================================
2026-08-07 21:34:48,137 [INFO] TICKER PRICE MASTER BUILD SUMMARY
2026-08-07 21:34:48,137 [INFO] ============================================================
2026-08-07 21:34:48,137 [INFO] Master rows written: 7674
2026-08-07 21:34:48,137 [INFO] Type count: {'Stock': 7674}
2026-08-07 21:34:48,137 [INFO] Duplicate skipped count: 0
2026-08-07 21:34:48,137 [INFO] Blank sector count: 6
2026-08-07 21:34:48,137 [INFO] Blank industry count: 6
2026-08-07 21:34:48,137 [INFO] Sample duplicates: []
2026-08-07 21:34:48,137 [INFO] Sample blank sector: ['MTEST', 'PNSB', 'MFNTS', 'MWKTS', 'MWMWS', 'AHVAS']
2026-08-07 21:34:48,137 [INFO] Sample blank industry: ['MTEST', 'PNSB', 'MFNTS', 'MWKTS', 'MWMWS', 'AHVAS']
2026-08-07 21:34:48,137 [INFO] Output: data/ticker_price_master.json
2026-08-07 21:34:48,137 [INFO] ============================================================
2026-08-10 21:41:02,990 [INFO] Loaded 7675 rows from source/USA_Tickers_ALL.csv
2026-08-10 21:41:02,990 [INFO] Columns found: ['Symbol', 'Description', 'Price', 'Price - Currency', 'Price change %, 1 day', 'Volume, 1 day', 'Relative volume, 1 day', 'Sector', 'Industry', 'High, 52 weeks', 'High, 52 weeks - Currency', 'Low, 52 weeks', 'Low, 52 weeks - Currency', 'Exchange', 'Free float %', 'Performance %, Year to date']
2026-08-10 21:41:03,234 [INFO] ============================================================
2026-08-10 21:41:03,234 [INFO] TICKER PRICE MASTER BUILD SUMMARY
2026-08-10 21:41:03,234 [INFO] ============================================================
2026-08-10 21:41:03,234 [INFO] Master rows written: 7674
2026-08-10 21:41:03,234 [INFO] Type count: {'Stock': 7674}
2026-08-10 21:41:03,234 [INFO] Duplicate skipped count: 0
2026-08-10 21:41:03,234 [INFO] Blank sector count: 6
2026-08-10 21:41:03,234 [INFO] Blank industry count: 6
2026-08-10 21:41:03,234 [INFO] Sample duplicates: []
2026-08-10 21:41:03,234 [INFO] Sample blank sector: ['MTEST', 'PNSB', 'MFNTS', 'MWKTS', 'MWMWS', 'AHVAS']
2026-08-10 21:41:03,234 [INFO] Sample blank industry: ['MTEST', 'PNSB', 'MFNTS', 'MWKTS', 'MWMWS', 'AHVAS']
2026-08-10 21:41:03,234 [INFO] Output: data/ticker_price_master.json
2026-08-10 21:41:03,234 [INFO] ============================================================
2026-08-11 21:41:33,904 [INFO] Loaded 7675 rows from source/USA_Tickers_ALL.csv
2026-08-11 21:41:33,904 [INFO] Columns found: ['Symbol', 'Description', 'Price', 'Price - Currency', 'Price change %, 1 day', 'Volume, 1 day', 'Relative volume, 1 day', 'Sector', 'Industry', 'High, 52 weeks', 'High, 52 weeks - Currency', 'Low, 52 weeks', 'Low, 52 weeks - Currency', 'Exchange', 'Free float %', 'Performance %, Year to date']
2026-08-11 21:41:34,148 [INFO] ============================================================
2026-08-11 21:41:34,148 [INFO] TICKER PRICE MASTER BUILD SUMMARY
2026-08-11 21:41:34,148 [INFO] ============================================================
2026-08-11 21:41:34,148 [INFO] Master rows written: 7674
2026-08-11 21:41:34,149 [INFO] Type count: {'Stock': 7674}
2026-08-11 21:41:34,149 [INFO] Duplicate skipped count: 0
2026-08-11 21:41:34,149 [INFO] Blank sector count: 6
2026-08-11 21:41:34,149 [INFO] Blank industry count: 6
2026-08-11 21:41:34,149 [INFO] Sample duplicates: []
2026-08-11 21:41:34,149 [INFO] Sample blank sector: ['MTEST', 'PNSB', 'MFNTS', 'MWKTS', 'MWMWS', 'AHVAS']
2026-08-11 21:41:34,149 [INFO] Sample blank industry: ['MTEST', 'PNSB', 'MFNTS', 'MWKTS', 'MWMWS', 'AHVAS']
2026-08-11 21:41:34,149 [INFO] Output: data/ticker_price_master.json
2026-08-11 21:41:34,149 [INFO] ============================================================
2026-08-12 21:38:34,920 [INFO] Loaded 7675 rows from source/USA_Tickers_ALL.csv
2026-08-12 21:38:34,921 [INFO] Columns found: ['Symbol', 'Description', 'Price', 'Price - Currency', 'Price change %, 1 day', 'Volume, 1 day', 'Relative volume, 1 day', 'Sector', 'Industry', 'High, 52 weeks', 'High, 52 weeks - Currency', 'Low, 52 weeks', 'Low, 52 weeks - Currency', 'Exchange', 'Free float %', 'Performance %, Year to date']
2026-08-12 21:38:35,164 [INFO] ============================================================
2026-08-12 21:38:35,164 [INFO] TICKER PRICE MASTER BUILD SUMMARY
2026-08-12 21:38:35,164 [INFO] ============================================================
2026-08-12 21:38:35,164 [INFO] Master rows written: 7674
2026-08-12 21:38:35,164 [INFO] Type count: {'Stock': 7674}
2026-08-12 21:38:35,165 [INFO] Duplicate skipped count: 0
2026-08-12 21:38:35,165 [INFO] Blank sector count: 6
2026-08-12 21:38:35,165 [INFO] Blank industry count: 6
2026-08-12 21:38:35,165 [INFO] Sample duplicates: []
2026-08-12 21:38:35,165 [INFO] Sample blank sector: ['MTEST', 'PNSB', 'MFNTS', 'MWKTS', 'MWMWS', 'AHVAS']
2026-08-12 21:38:35,165 [INFO] Sample blank industry: ['MTEST', 'PNSB', 'MFNTS', 'MWKTS', 'MWMWS', 'AHVAS']
2026-08-12 21:38:35,165 [INFO] Output: data/ticker_price_master.json
2026-08-12 21:38:35,165 [INFO] ============================================================
2026-08-13 21:39:53,344 [INFO] Loaded 7675 rows from source/USA_Tickers_ALL.csv
2026-08-13 21:39:53,344 [INFO] Columns found: ['Symbol', 'Description', 'Price', 'Price - Currency', 'Price change %, 1 day', 'Volume, 1 day', 'Relative volume, 1 day', 'Sector', 'Industry', 'High, 52 weeks', 'High, 52 weeks - Currency', 'Low, 52 weeks', 'Low, 52 weeks - Currency', 'Exchange', 'Free float %', 'Performance %, Year to date']
2026-08-13 21:39:53,502 [INFO] ============================================================
2026-08-13 21:39:53,502 [INFO] TICKER PRICE MASTER BUILD SUMMARY
2026-08-13 21:39:53,502 [INFO] ============================================================
2026-08-13 21:39:53,502 [INFO] Master rows written: 7674
2026-08-13 21:39:53,502 [INFO] Type count: {'Stock': 7674}
2026-08-13 21:39:53,502 [INFO] Duplicate skipped count: 0
2026-08-13 21:39:53,502 [INFO] Blank sector count: 6
2026-08-13 21:39:53,502 [INFO] Blank industry count: 6
2026-08-13 21:39:53,502 [INFO] Sample duplicates: []
2026-08-13 21:39:53,502 [INFO] Sample blank sector: ['MTEST', 'PNSB', 'MFNTS', 'MWKTS', 'MWMWS', 'AHVAS']
2026-08-13 21:39:53,502 [INFO] Sample blank industry: ['MTEST', 'PNSB', 'MFNTS', 'MWKTS', 'MWMWS', 'AHVAS']
2026-08-13 21:39:53,502 [INFO] Output: data/ticker_price_master.json
2026-08-13 21:39:53,502 [INFO] ============================================================
2026-08-14 21:14:41,111 [INFO] Loaded 7675 rows from source/USA_Tickers_ALL.csv
2026-08-14 21:14:41,111 [INFO] Columns found: ['Symbol', 'Description', 'Price', 'Price - Currency', 'Price change %, 1 day', 'Volume, 1 day', 'Relative volume, 1 day', 'Sector', 'Industry', 'High, 52 weeks', 'High, 52 weeks - Currency', 'Low, 52 weeks', 'Low, 52 weeks - Currency', 'Exchange', 'Free float %', 'Performance %, Year to date']
2026-08-14 21:14:41,464 [INFO] ============================================================
2026-08-14 21:14:41,464 [INFO] TICKER PRICE MASTER BUILD SUMMARY
2026-08-14 21:14:41,464 [INFO] ============================================================
2026-08-14 21:14:41,464 [INFO] Master rows written: 7674
2026-08-14 21:14:41,464 [INFO] Type count: {'Stock': 7674}
2026-08-14 21:14:41,464 [INFO] Duplicate skipped count: 0
2026-08-14 21:14:41,464 [INFO] Blank sector count: 6
2026-08-14 21:14:41,464 [INFO] Blank industry count: 6
2026-08-14 21:14:41,464 [INFO] Sample duplicates: []
2026-08-14 21:14:41,464 [INFO] Sample blank sector: ['MTEST', 'PNSB', 'MFNTS', 'MWKTS', 'MWMWS', 'AHVAS']
2026-08-14 21:14:41,464 [INFO] Sample blank industry: ['MTEST', 'PNSB', 'MFNTS', 'MWKTS', 'MWMWS', 'AHVAS']
2026-08-14 21:14:41,464 [INFO] Output: data/ticker_price_master.json
2026-08-14 21:14:41,464 [INFO] ============================================================
2026-08-17 21:13:28,673 [INFO] Loaded 7675 rows from source/USA_Tickers_ALL.csv
2026-08-17 21:13:28,673 [INFO] Columns found: ['Symbol', 'Description', 'Price', 'Price - Currency', 'Price change %, 1 day', 'Volume, 1 day', 'Relative volume, 1 day', 'Sector', 'Industry', 'High, 52 weeks', 'High, 52 weeks - Currency', 'Low, 52 weeks', 'Low, 52 weeks - Currency', 'Exchange', 'Free float %', 'Performance %, Year to date']
2026-08-17 21:13:28,920 [INFO] ============================================================
2026-08-17 21:13:28,920 [INFO] TICKER PRICE MASTER BUILD SUMMARY
2026-08-17 21:13:28,920 [INFO] ============================================================
2026-08-17 21:13:28,920 [INFO] Master rows written: 7674
2026-08-17 21:13:28,921 [INFO] Type count: {'Stock': 7674}
2026-08-17 21:13:28,921 [INFO] Duplicate skipped count: 0
2026-08-17 21:13:28,921 [INFO] Blank sector count: 6
2026-08-17 21:13:28,921 [INFO] Blank industry count: 6
2026-08-17 21:13:28,921 [INFO] Sample duplicates: []
2026-08-17 21:13:28,921 [INFO] Sample blank sector: ['MTEST', 'PNSB', 'MFNTS', 'MWKTS', 'MWMWS', 'AHVAS']
2026-08-17 21:13:28,921 [INFO] Sample blank industry: ['MTEST', 'PNSB', 'MFNTS', 'MWKTS', 'MWMWS', 'AHVAS']
2026-08-17 21:13:28,921 [INFO] Output: data/ticker_price_master.json
2026-08-17 21:13:28,921 [INFO] ============================================================
2026-08-18 21:14:02,406 [INFO] Loaded 7675 rows from source/USA_Tickers_ALL.csv
2026-08-18 21:14:02,406 [INFO] Columns found: ['Symbol', 'Description', 'Price', 'Price - Currency', 'Price change %, 1 day', 'Volume, 1 day', 'Relative volume, 1 day', 'Sector', 'Industry', 'High, 52 weeks', 'High, 52 weeks - Currency', 'Low, 52 weeks', 'Low, 52 weeks - Currency', 'Exchange', 'Free float %', 'Performance %, Year to date']
2026-08-18 21:14:02,764 [INFO] ============================================================
2026-08-18 21:14:02,764 [INFO] TICKER PRICE MASTER BUILD SUMMARY
2026-08-18 21:14:02,765 [INFO] ============================================================
2026-08-18 21:14:02,765 [INFO] Master rows written: 7674
2026-08-18 21:14:02,765 [INFO] Type count: {'Stock': 7674}
2026-08-18 21:14:02,765 [INFO] Duplicate skipped count: 0
2026-08-18 21:14:02,765 [INFO] Blank sector count: 6
2026-08-18 21:14:02,765 [INFO] Blank industry count: 6
2026-08-18 21:14:02,765 [INFO] Sample duplicates: []
2026-08-18 21:14:02,765 [INFO] Sample blank sector: ['MTEST', 'PNSB', 'MFNTS', 'MWKTS', 'MWMWS', 'AHVAS']
2026-08-18 21:14:02,765 [INFO] Sample blank industry: ['MTEST', 'PNSB', 'MFNTS', 'MWKTS', 'MWMWS', 'AHVAS']
2026-08-18 21:14:02,765 [INFO] Output: data/ticker_price_master.json
2026-08-18 21:14:02,765 [INFO] ============================================================
2026-08-19 21:13:09,827 [INFO] Loaded 7675 rows from source/USA_Tickers_ALL.csv
2026-08-19 21:13:09,827 [INFO] Columns found: ['Symbol', 'Description', 'Price', 'Price - Currency', 'Price change %, 1 day', 'Volume, 1 day', 'Relative volume, 1 day', 'Sector', 'Industry', 'High, 52 weeks', 'High, 52 weeks - Currency', 'Low, 52 weeks', 'Low, 52 weeks - Currency', 'Exchange', 'Free float %', 'Performance %, Year to date']
2026-08-19 21:13:10,016 [INFO] ============================================================
2026-08-19 21:13:10,016 [INFO] TICKER PRICE MASTER BUILD SUMMARY
2026-08-19 21:13:10,017 [INFO] ============================================================
2026-08-19 21:13:10,017 [INFO] Master rows written: 7674
2026-08-19 21:13:10,017 [INFO] Type count: {'Stock': 7674}
2026-08-19 21:13:10,017 [INFO] Duplicate skipped count: 0
2026-08-19 21:13:10,017 [INFO] Blank sector count: 6
2026-08-19 21:13:10,017 [INFO] Blank industry count: 6
2026-08-19 21:13:10,017 [INFO] Sample duplicates: []
2026-08-19 21:13:10,017 [INFO] Sample blank sector: ['MTEST', 'PNSB', 'MFNTS', 'MWKTS', 'MWMWS', 'AHVAS']
2026-08-19 21:13:10,017 [INFO] Sample blank industry: ['MTEST', 'PNSB', 'MFNTS', 'MWKTS', 'MWMWS', 'AHVAS']
2026-08-19 21:13:10,017 [INFO] Output: data/ticker_price_master.json
2026-08-19 21:13:10,017 [INFO] ============================================================
2026-08-20 21:12:00,849 [INFO] Loaded 7675 rows from source/USA_Tickers_ALL.csv
2026-08-20 21:12:00,849 [INFO] Columns found: ['Symbol', 'Description', 'Price', 'Price - Currency', 'Price change %, 1 day', 'Volume, 1 day', 'Relative volume, 1 day', 'Sector', 'Industry', 'High, 52 weeks', 'High, 52 weeks - Currency', 'Low, 52 weeks', 'Low, 52 weeks - Currency', 'Exchange', 'Free float %', 'Performance %, Year to date']
2026-08-20 21:12:01,211 [INFO] ============================================================
2026-08-20 21:12:01,211 [INFO] TICKER PRICE MASTER BUILD SUMMARY
2026-08-20 21:12:01,211 [INFO] ============================================================
2026-08-20 21:12:01,211 [INFO] Master rows written: 7674
2026-08-20 21:12:01,211 [INFO] Type count: {'Stock': 7674}
2026-08-20 21:12:01,211 [INFO] Duplicate skipped count: 0
2026-08-20 21:12:01,211 [INFO] Blank sector count: 6
2026-08-20 21:12:01,212 [INFO] Blank industry count: 6
2026-08-20 21:12:01,212 [INFO] Sample duplicates: []
2026-08-20 21:12:01,212 [INFO] Sample blank sector: ['MTEST', 'PNSB', 'MFNTS', 'MWKTS', 'MWMWS', 'AHVAS']
2026-08-20 21:12:01,212 [INFO] Sample blank industry: ['MTEST', 'PNSB', 'MFNTS', 'MWKTS', 'MWMWS', 'AHVAS']
2026-08-20 21:12:01,212 [INFO] Output: data/ticker_price_master.json
2026-08-20 21:12:01,212 [INFO] ============================================================
2026-08-21 21:10:16,104 [INFO] Loaded 7675 rows from source/USA_Tickers_ALL.csv
2026-08-21 21:10:16,104 [INFO] Columns found: ['Symbol', 'Description', 'Price', 'Price - Currency', 'Price change %, 1 day', 'Volume, 1 day', 'Relative volume, 1 day', 'Sector', 'Industry', 'High, 52 weeks', 'High, 52 weeks - Currency', 'Low, 52 weeks', 'Low, 52 weeks - Currency', 'Exchange', 'Free float %', 'Performance %, Year to date']
2026-08-21 21:10:16,280 [INFO] ============================================================
2026-08-21 21:10:16,280 [INFO] TICKER PRICE MASTER BUILD SUMMARY
2026-08-21 21:10:16,280 [INFO] ============================================================
2026-08-21 21:10:16,280 [INFO] Master rows written: 7674
2026-08-21 21:10:16,280 [INFO] Type count: {'Stock': 7674}
2026-08-21 21:10:16,280 [INFO] Duplicate skipped count: 0
2026-08-21 21:10:16,280 [INFO] Blank sector count: 6
2026-08-21 21:10:16,280 [INFO] Blank industry count: 6
2026-08-21 21:10:16,280 [INFO] Sample duplicates: []
2026-08-21 21:10:16,280 [INFO] Sample blank sector: ['MTEST', 'PNSB', 'MFNTS', 'MWKTS', 'MWMWS', 'AHVAS']
2026-08-21 21:10:16,280 [INFO] Sample blank industry: ['MTEST', 'PNSB', 'MFNTS', 'MWKTS', 'MWMWS', 'AHVAS']
2026-08-21 21:10:16,280 [INFO] Output: data/ticker_price_master.json
2026-08-21 21:10:16,280 [INFO] ============================================================
2026-08-24 21:17:45,672 [INFO] Loaded 7675 rows from source/USA_Tickers_ALL.csv
2026-08-24 21:17:45,672 [INFO] Columns found: ['Symbol', 'Description', 'Price', 'Price - Currency', 'Price change %, 1 day', 'Volume, 1 day', 'Relative volume, 1 day', 'Sector', 'Industry', 'High, 52 weeks', 'High, 52 weeks - Currency', 'Low, 52 weeks', 'Low, 52 weeks - Currency', 'Exchange', 'Free float %', 'Performance %, Year to date']
2026-08-24 21:17:46,022 [INFO] ============================================================
2026-08-24 21:17:46,022 [INFO] TICKER PRICE MASTER BUILD SUMMARY
2026-08-24 21:17:46,022 [INFO] ============================================================
2026-08-24 21:17:46,022 [INFO] Master rows written: 7674
2026-08-24 21:17:46,022 [INFO] Type count: {'Stock': 7674}
2026-08-24 21:17:46,022 [INFO] Duplicate skipped count: 0
2026-08-24 21:17:46,023 [INFO] Blank sector count: 6
2026-08-24 21:17:46,023 [INFO] Blank industry count: 6
2026-08-24 21:17:46,023 [INFO] Sample duplicates: []
2026-08-24 21:17:46,023 [INFO] Sample blank sector: ['MTEST', 'PNSB', 'MFNTS', 'MWKTS', 'MWMWS', 'AHVAS']
2026-08-24 21:17:46,023 [INFO] Sample blank industry: ['MTEST', 'PNSB', 'MFNTS', 'MWKTS', 'MWMWS', 'AHVAS']
2026-08-24 21:17:46,023 [INFO] Output: data/ticker_price_master.json
2026-08-24 21:17:46,023 [INFO] ============================================================
2026-08-25 21:13:41,813 [INFO] Loaded 7675 rows from source/USA_Tickers_ALL.csv
2026-08-25 21:13:41,813 [INFO] Columns found: ['Symbol', 'Description', 'Price', 'Price - Currency', 'Price change %, 1 day', 'Volume, 1 day', 'Relative volume, 1 day', 'Sector', 'Industry', 'High, 52 weeks', 'High, 52 weeks - Currency', 'Low, 52 weeks', 'Low, 52 weeks - Currency', 'Exchange', 'Free float %', 'Performance %, Year to date']
2026-08-25 21:13:42,163 [INFO] ============================================================
2026-08-25 21:13:42,163 [INFO] TICKER PRICE MASTER BUILD SUMMARY
2026-08-25 21:13:42,163 [INFO] ============================================================
2026-08-25 21:13:42,163 [INFO] Master rows written: 7674
2026-08-25 21:13:42,163 [INFO] Type count: {'Stock': 7674}
2026-08-25 21:13:42,163 [INFO] Duplicate skipped count: 0
2026-08-25 21:13:42,163 [INFO] Blank sector count: 6
2026-08-25 21:13:42,163 [INFO] Blank industry count: 6
2026-08-25 21:13:42,163 [INFO] Sample duplicates: []
2026-08-25 21:13:42,163 [INFO] Sample blank sector: ['MTEST', 'PNSB', 'MFNTS', 'MWKTS', 'MWMWS', 'AHVAS']
2026-08-25 21:13:42,163 [INFO] Sample blank industry: ['MTEST', 'PNSB', 'MFNTS', 'MWKTS', 'MWMWS', 'AHVAS']
2026-08-25 21:13:42,163 [INFO] Output: data/ticker_price_master.json
2026-08-25 21:13:42,163 [INFO] ============================================================
2026-08-27 00:17:16,950 [INFO] Loaded 7675 rows from source/USA_Tickers_ALL.csv
2026-08-27 00:17:16,951 [INFO] Columns found: ['Symbol', 'Description', 'Price', 'Price - Currency', 'Price change %, 1 day', 'Volume, 1 day', 'Relative volume, 1 day', 'Sector', 'Industry', 'High, 52 weeks', 'High, 52 weeks - Currency', 'Low, 52 weeks', 'Low, 52 weeks - Currency', 'Exchange', 'Free float %', 'Performance %, Year to date']
2026-08-27 00:17:17,199 [INFO] ============================================================
2026-08-27 00:17:17,199 [INFO] TICKER PRICE MASTER BUILD SUMMARY
2026-08-27 00:17:17,199 [INFO] ============================================================
2026-08-27 00:17:17,199 [INFO] Master rows written: 7674
2026-08-27 00:17:17,200 [INFO] Type count: {'Stock': 7674}
2026-08-27 00:17:17,200 [INFO] Duplicate skipped count: 0
2026-08-27 00:17:17,200 [INFO] Blank sector count: 6
2026-08-27 00:17:17,200 [INFO] Blank industry count: 6
2026-08-27 00:17:17,200 [INFO] Sample duplicates: []
2026-08-27 00:17:17,200 [INFO] Sample blank sector: ['MTEST', 'PNSB', 'MFNTS', 'MWKTS', 'MWMWS', 'AHVAS']
2026-08-27 00:17:17,200 [INFO] Sample blank industry: ['MTEST', 'PNSB', 'MFNTS', 'MWKTS', 'MWMWS', 'AHVAS']
2026-08-27 00:17:17,200 [INFO] Output: data/ticker_price_master.json
2026-08-27 00:17:17,200 [INFO] ============================================================
2026-08-27 22:38:53,097 [INFO] Loaded 7675 rows from source/USA_Tickers_ALL.csv
2026-08-27 22:38:53,097 [INFO] Columns found: ['Symbol', 'Description', 'Price', 'Price - Currency', 'Price change %, 1 day', 'Volume, 1 day', 'Relative volume, 1 day', 'Sector', 'Industry', 'High, 52 weeks', 'High, 52 weeks - Currency', 'Low, 52 weeks', 'Low, 52 weeks - Currency', 'Exchange', 'Free float %', 'Performance %, Year to date']
2026-08-27 22:38:53,280 [INFO] ============================================================
2026-08-27 22:38:53,280 [INFO] TICKER PRICE MASTER BUILD SUMMARY
2026-08-27 22:38:53,280 [INFO] ============================================================
2026-08-27 22:38:53,280 [INFO] Master rows written: 7674
2026-08-27 22:38:53,280 [INFO] Type count: {'Stock': 7674}
2026-08-27 22:38:53,280 [INFO] Duplicate skipped count: 0
2026-08-27 22:38:53,280 [INFO] Blank sector count: 6
2026-08-27 22:38:53,280 [INFO] Blank industry count: 6
2026-08-27 22:38:53,281 [INFO] Sample duplicates: []
2026-08-27 22:38:53,281 [INFO] Sample blank sector: ['MTEST', 'PNSB', 'MFNTS', 'MWKTS', 'MWMWS', 'AHVAS']
2026-08-27 22:38:53,281 [INFO] Sample blank industry: ['MTEST', 'PNSB', 'MFNTS', 'MWKTS', 'MWMWS', 'AHVAS']
2026-08-27 22:38:53,281 [INFO] Output: data/ticker_price_master.json
2026-08-27 22:38:53,281 [INFO] ============================================================
2026-08-29 02:57:03,148 [INFO] Loaded 7675 rows from source/USA_Tickers_ALL.csv
2026-08-29 02:57:03,148 [INFO] Columns found: ['Symbol', 'Description', 'Price', 'Price - Currency', 'Price change %, 1 day', 'Volume, 1 day', 'Relative volume, 1 day', 'Sector', 'Industry', 'High, 52 weeks', 'High, 52 weeks - Currency', 'Low, 52 weeks', 'Low, 52 weeks - Currency', 'Exchange', 'Free float %', 'Performance %, Year to date']
2026-08-29 02:57:03,493 [INFO] ============================================================
2026-08-29 02:57:03,493 [INFO] TICKER PRICE MASTER BUILD SUMMARY
2026-08-29 02:57:03,493 [INFO] ============================================================
2026-08-29 02:57:03,493 [INFO] Master rows written: 7674
2026-08-29 02:57:03,493 [INFO] Type count: {'Stock': 7674}
2026-08-29 02:57:03,494 [INFO] Duplicate skipped count: 0
2026-08-29 02:57:03,494 [INFO] Blank sector count: 6
2026-08-29 02:57:03,494 [INFO] Blank industry count: 6
2026-08-29 02:57:03,494 [INFO] Sample duplicates: []
2026-08-29 02:57:03,494 [INFO] Sample blank sector: ['MTEST', 'PNSB', 'MFNTS', 'MWKTS', 'MWMWS', 'AHVAS']
2026-08-29 02:57:03,494 [INFO] Sample blank industry: ['MTEST', 'PNSB', 'MFNTS', 'MWKTS', 'MWMWS', 'AHVAS']
2026-08-29 02:57:03,494 [INFO] Output: data/ticker_price_master.json
2026-08-29 02:57:03,494 [INFO] ============================================================
2026-08-31 23:33:15,821 [INFO] Loaded 7675 rows from source/USA_Tickers_ALL.csv
2026-08-31 23:33:15,821 [INFO] Columns found: ['Symbol', 'Description', 'Price', 'Price - Currency', 'Price change %, 1 day', 'Volume, 1 day', 'Relative volume, 1 day', 'Sector', 'Industry', 'High, 52 weeks', 'High, 52 weeks - Currency', 'Low, 52 weeks', 'Low, 52 weeks - Currency', 'Exchange', 'Free float %', 'Performance %, Year to date']
2026-08-31 23:33:16,169 [INFO] ============================================================
2026-08-31 23:33:16,169 [INFO] TICKER PRICE MASTER BUILD SUMMARY
2026-08-31 23:33:16,169 [INFO] ============================================================
2026-08-31 23:33:16,169 [INFO] Master rows written: 7674
2026-08-31 23:33:16,169 [INFO] Type count: {'Stock': 7674}
2026-08-31 23:33:16,169 [INFO] Duplicate skipped count: 0
2026-08-31 23:33:16,170 [INFO] Blank sector count: 6
2026-08-31 23:33:16,170 [INFO] Blank industry count: 6
2026-08-31 23:33:16,170 [INFO] Sample duplicates: []
2026-08-31 23:33:16,170 [INFO] Sample blank sector: ['MTEST', 'PNSB', 'MFNTS', 'MWKTS', 'MWMWS', 'AHVAS']
2026-08-31 23:33:16,170 [INFO] Sample blank industry: ['MTEST', 'PNSB', 'MFNTS', 'MWKTS', 'MWMWS', 'AHVAS']
2026-08-31 23:33:16,170 [INFO] Output: data/ticker_price_master.json
2026-08-31 23:33:16,170 [INFO] ============================================================
