===== FETCH PRICE HISTORY RS LOG - COMBINED =====
Run Date: 2026-10-09 18:27:58 EDT
Total Partitions: 4

>>> Partition 0 Log

================================================================================
FINAL SUMMARY - Partition finished at 2026-10-09 22:24:47
Successful: 1883 | Skipped: 0 | Failed: 0
================================================================================

=== END OF PARTITION 0 ===

>>> Partition 1 Log

================================================================================
FINAL SUMMARY - Partition finished at 2026-10-09 22:24:59
Successful: 1883 | Skipped: 0 | Failed: 0
================================================================================

=== END OF PARTITION 1 ===

>>> Partition 2 Log

================================================================================
FINAL SUMMARY - Partition finished at 2026-10-09 22:24:59
Successful: 1881 | Skipped: 2 | Failed: 0
--- Skipped Tickers ---
OPTO: Too few valid rows: 1
PWRX: Too few valid rows: 1
================================================================================

=== END OF PARTITION 2 ===

>>> Partition 3 Log

================================================================================
FINAL SUMMARY - Partition finished at 2026-10-09 22:24:36
Successful: 1879 | Skipped: 4 | Failed: 0
--- Skipped Tickers ---
VGTX: Too few valid rows: 1
WTAL: Too few valid rows: 1
XXQQ: Too few valid rows: 1
XXSP: Too few valid rows: 1
================================================================================

=== END OF PARTITION 3 ===


✅ Combined 4 partition logs successfully
